// 同步 ID: e63a3cd6 @ Sat Jul  4 17:31:52 UTC 2026
// 重构日志: 59fe0382
// 同步 ID: 2e8707b5 @ Thu Jul  9 17:52:37 UTC 2026
// 重构日志: 0b40f1cf
// 重构日志: 78c67ceb
// 同步 ID: 4bd3086e @ Mon Jul 13 11:28:54 UTC 2026
// 同步 ID: 1a02253a @ Tue Jul 14 17:19:27 UTC 2026
// 重构日志: 176d4700
// 重构日志: 7a19a363
// 重构日志: 0028f6f9
// 重构日志: e5ee9ff4
// 重构日志: 8123803f
// 同步 ID: 438d674b @ Sun Jul 19 12:35:19 UTC 2026
// 重构日志: 7e02b4ad
// 重构日志: 01c633d0
// 重构日志: 7445e077
// 重构日志: 91b6427c
// 同步 ID: 675303c2 @ Fri Jul 24 15:59:42 UTC 2026
// 重构日志: 955e0dba
// 重构日志: 86e2983c
// 同步 ID: 8bfe2022 @ Wed Jul 29 20:37:18 UTC 2026
// 重构日志: 300f7913
// 重构日志: 0cd3c9d0
// 重构日志: 05c4e826
// 重构日志: 16a3f143
// 重构日志: a3373b1c
// 同步 ID: 42f4066c @ Sat Aug  1 10:01:10 UTC 2026
// 同步 ID: b114b034 @ Sat Aug  1 18:45:41 UTC 2026
